Archive member included to satisfy reference by file (symbol)

C:/ST/STM32CubeIDE_1.14.0/STM32CubeIDE/plugins/com.st.stm32cube.ide.mcu.externaltools.gnu-tools-for-stm32.11.3.rel1.win32_1.1.100.202309141235/tools/bin/../lib/gcc/arm-none-eabi/11.3.1/../../../../arm-none-eabi/lib/thumb/v7e-m+fp/hard\libc_nano.a(libc_a-atoi.o)
                              ./Core/Src/App/smart_blind.o (atoi)
C:/ST/STM32CubeIDE_1.14.0/STM32CubeIDE/plugins/com.st.stm32cube.ide.mcu.externaltools.gnu-tools-for-stm32.11.3.rel1.win32_1.1.100.202309141235/tools/bin/../lib/gcc/arm-none-eabi/11.3.1/../../../../arm-none-eabi/lib/thumb/v7e-m+fp/hard\libc_nano.a(libc_a-exit.o)
                              C:/ST/STM32CubeIDE_1.14.0/STM32CubeIDE/plugins/com.st.stm32cube.ide.mcu.externaltools.gnu-tools-for-stm32.11.3.rel1.win32_1.1.100.202309141235/tools/bin/../lib/gcc/arm-none-eabi/11.3.1/../../../../arm-none-eabi/lib/thumb/v7e-m+fp/hard/crt0.o (exit)
C:/ST/STM32CubeIDE_1.14.0/STM32CubeIDE/plugins/com.st.stm32cube.ide.mcu.externaltools.gnu-tools-for-stm32.11.3.rel1.win32_1.1.100.202309141235/tools/bin/../lib/gcc/arm-none-eabi/11.3.1/../../../../arm-none-eabi/lib/thumb/v7e-m+fp/hard\libc_nano.a(libc_a-strtol.o)
                              C:/ST/STM32CubeIDE_1.14.0/STM32CubeIDE/plugins/com.st.stm32cube.ide.mcu.externaltools.gnu-tools-for-stm32.11.3.rel1.win32_1.1.100.202309141235/tools/bin/../lib/gcc/arm-none-eabi/11.3.1/../../../../arm-none-eabi/lib/thumb/v7e-m+fp/hard\libc_nano.a(libc_a-atoi.o) (_strtol_r)
C:/ST/STM32CubeIDE_1.14.0/STM32CubeIDE/plugins/com.st.stm32cube.ide.mcu.externaltools.gnu-tools-for-stm32.11.3.rel1.win32_1.1.100.202309141235/tools/bin/../lib/gcc/arm-none-eabi/11.3.1/../../../../arm-none-eabi/lib/thumb/v7e-m+fp/hard\libc_nano.a(libc_a-ctype_.o)
                              C:/ST/STM32CubeIDE_1.14.0/STM32CubeIDE/plugins/com.st.stm32cube.ide.mcu.externaltools.gnu-tools-for-stm32.11.3.rel1.win32_1.1.100.202309141235/tools/bin/../lib/gcc/arm-none-eabi/11.3.1/../../../../arm-none-eabi/lib/thumb/v7e-m+fp/hard\libc_nano.a(libc_a-strtol.o) (_ctype_)
C:/ST/STM32CubeIDE_1.14.0/STM32CubeIDE/plugins/com.st.stm32cube.ide.mcu.externaltools.gnu-tools-for-stm32.11.3.rel1.win32_1.1.100.202309141235/tools/bin/../lib/gcc/arm-none-eabi/11.3.1/../../../../arm-none-eabi/lib/thumb/v7e-m+fp/hard\libc_nano.a(libc_a-findfp.o)
                              C:/ST/STM32CubeIDE_1.14.0/STM32CubeIDE/plugins/com.st.stm32cube.ide.mcu.externaltools.gnu-tools-for-stm32.11.3.rel1.win32_1.1.100.202309141235/tools/bin/../lib/gcc/arm-none-eabi/11.3.1/../../../../arm-none-eabi/lib/thumb/v7e-m+fp/hard\libc_nano.a(libc_a-exit.o) (__stdio_exit_handler)
C:/ST/STM32CubeIDE_1.14.0/STM32CubeIDE/plugins/com.st.stm32cube.ide.mcu.externaltools.gnu-tools-for-stm32.11.3.rel1.win32_1.1.100.202309141235/tools/bin/../lib/gcc/arm-none-eabi/11.3.1/../../../../arm-none-eabi/lib/thumb/v7e-m+fp/hard\libc_nano.a(libc_a-fwalk.o)
                              C:/ST/STM32CubeIDE_1.14.0/STM32CubeIDE/plugins/com.st.stm32cube.ide.mcu.externaltools.gnu-tools-for-stm32.11.3.rel1.win32_1.1.100.202309141235/tools/bin/../lib/gcc/arm-none-eabi/11.3.1/../../../../arm-none-eabi/lib/thumb/v7e-m+fp/hard\libc_nano.a(libc_a-findfp.o) (_fwalk_sglue)
C:/ST/STM32CubeIDE_1.14.0/STM32CubeIDE/plugins/com.st.stm32cube.ide.mcu.externaltools.gnu-tools-for-stm32.11.3.rel1.win32_1.1.100.202309141235/tools/bin/../lib/gcc/arm-none-eabi/11.3.1/../../../../arm-none-eabi/lib/thumb/v7e-m+fp/hard\libc_nano.a(libc_a-snprintf.o)
                              ./Core/Src/App/smart_blind.o (snprintf)
C:/ST/STM32CubeIDE_1.14.0/STM32CubeIDE/plugins/com.st.stm32cube.ide.mcu.externaltools.gnu-tools-for-stm32.11.3.rel1.win32_1.1.100.202309141235/tools/bin/../lib/gcc/arm-none-eabi/11.3.1/../../../../arm-none-eabi/lib/thumb/v7e-m+fp/hard\libc_nano.a(libc_a-stdio.o)
                              C:/ST/STM32CubeIDE_1.14.0/STM32CubeIDE/plugins/com.st.stm32cube.ide.mcu.externaltools.gnu-tools-for-stm32.11.3.rel1.win32_1.1.100.202309141235/tools/bin/../lib/gcc/arm-none-eabi/11.3.1/../../../../arm-none-eabi/lib/thumb/v7e-m+fp/hard\libc_nano.a(libc_a-findfp.o) (__sread)
C:/ST/STM32CubeIDE_1.14.0/STM32CubeIDE/plugins/com.st.stm32cube.ide.mcu.externaltools.gnu-tools-for-stm32.11.3.rel1.win32_1.1.100.202309141235/tools/bin/../lib/gcc/arm-none-eabi/11.3.1/../../../../arm-none-eabi/lib/thumb/v7e-m+fp/hard\libc_nano.a(libc_a-memset.o)
                              C:/ST/STM32CubeIDE_1.14.0/STM32CubeIDE/plugins/com.st.stm32cube.ide.mcu.externaltools.gnu-tools-for-stm32.11.3.rel1.win32_1.1.100.202309141235/tools/bin/../lib/gcc/arm-none-eabi/11.3.1/../../../../arm-none-eabi/lib/thumb/v7e-m+fp/hard/crt0.o (memset)
C:/ST/STM32CubeIDE_1.14.0/STM32CubeIDE/plugins/com.st.stm32cube.ide.mcu.externaltools.gnu-tools-for-stm32.11.3.rel1.win32_1.1.100.202309141235/tools/bin/../lib/gcc/arm-none-eabi/11.3.1/../../../../arm-none-eabi/lib/thumb/v7e-m+fp/hard\libc_nano.a(libc_a-closer.o)
[...]
Memory Configuration

Name             Origin             Length             Attributes
RAM              0x0000000020000000 0x0000000000020000 xrw
FLASH            0x0000000008000000 0x0000000000080000 xr
*default*        0x0000000000000000 0xffffffffffffffff

Linker script and memory map

LOAD C:/ST/STM32CubeIDE_1.14.0/STM32CubeIDE/plugins/com.st.stm32cube.ide.mcu.externaltools.gnu-tools-for-stm32.11.3.rel1.win32_1.1.100.202309141235/tools/bin/../lib/gcc/arm-none-eabi/11.3.1/thumb/v7e-m+fp/hard/crti.o
LOAD C:/ST/STM32CubeIDE_1.14.0/STM32CubeIDE/plugins/com.st.stm32cube.ide.mcu.externaltools.gnu-tools-for-stm32.11.3.rel1.win32_1.1.100.202309141235/tools/bin/../lib/gcc/arm-none-eabi/11.3.1/thumb/v7e-m+fp/hard/crtbegin.o
LOAD C:/ST/STM32CubeIDE_1.14.0/STM32CubeIDE/plugins/com.st.stm32cube.ide.mcu.externaltools.gnu-tools-for-stm32.11.3.rel1.win32_1.1.100.202309141235/tools/bin/../lib/gcc/arm-none-eabi/11.3.1/../../../../arm-none-eabi/lib/thumb/v7e-m+fp/hard/crt0.o
LOAD ./Core/Src/App/smart_blind.o
LOAD ./Core/Src/Configs/I2C_CFG.o
LOAD ./Core/Src/Configs/SPI_CFG.o
LOAD ./Core/Src/Configs/TIM-Config.o
LOAD ./Core/Src/Configs/uart_CFG.o
LOAD ./Core/Src/Drivers/I2C.o
LOAD ./Core/Src/Drivers/SPI.o
LOAD ./Core/Src/Drivers/uart.o
LOAD ./Core/Src/main.o
LOAD ./Core/Src/nRF24.o
LOAD ./Core/Src/stm32f4xx_hal_msp.o
LOAD ./Core/Src/stm32f4xx_it.o
LOAD ./Core/Src/syscalls.o
LOAD ./Core/Src/sysmem.o
LOAD ./Core/Src/system_stm32f4xx.o
LOAD ./Core/Startup/startup_stm32f411retx.o
LOAD ./Drivers/STM32F4xx_HAL_Driver/Src/stm32f4xx_hal.o
LOAD ./Drivers/STM32F4xx_HAL_Driver/Src/stm32f4xx_hal_cortex.o
LOAD ./Drivers/STM32F4xx_HAL_Driver/Src/stm32f4xx_hal_dma.o
LOAD ./Drivers/STM32F4xx_HAL_Driver/Src/stm32f4xx_hal_dma_ex.o
LOAD ./Drivers/STM32F4xx_HAL_Driver/Src/stm32f4xx_hal_exti.o
LOAD ./Drivers/STM32F4xx_HAL_Driver/Src/stm32f4xx_hal_flash.o
LOAD ./Drivers/STM32F4xx_HAL_Driver/Src/stm32f4xx_hal_flash_ex.o
LOAD ./Drivers/STM32F4xx_HAL_Driver/Src/stm32f4xx_hal_flash_ramfunc.o
LOAD ./Drivers/STM32F4xx_HAL_Driver/Src/stm32f4xx_hal_gpio.o
LOAD ./Drivers/STM32F4xx_HAL_Driver/Src/stm32f4xx_hal_pwr.o
LOAD ./Drivers/STM32F4xx_HAL_Driver/Src/stm32f4xx_hal_pwr_ex.o
LOAD ./Drivers/STM32F4xx_HAL_Driver/Src/stm32f4xx_hal_rcc.o
LOAD ./Drivers/STM32F4xx_HAL_Driver/Src/stm32f4xx_hal_rcc_ex.o
LOAD ./Drivers/STM32F4xx_HAL_Driver/Src/stm32f4xx_hal_tim.o
LOAD ./Drivers/STM32F4xx_HAL_Driver/Src/stm32f4xx_hal_tim_ex.o
START GROUP
LOAD C:/ST/STM32CubeIDE_1.14.0/STM32CubeIDE/plugins/com.st.stm32cube.ide.mcu.externaltools.gnu-tools-for-stm32.11.3.rel1.win32_1.1.100.202309141235/tools/bin/../lib/gcc/arm-none-eabi/11.3.1/../../../../arm-none-eabi/lib/thumb/v7e-m+fp/hard\libc_nano.a
LOAD C:/ST/STM32CubeIDE_1.14.0/STM32CubeIDE/plugins/com.st.stm32cube.ide.mcu.externaltools.gnu-tools-for-stm32.11.3.rel1.win32_1.1.100.202309141235/tools/bin/../lib/gcc/arm-none-eabi/11.3.1/../../../../arm-none-eabi/lib/thumb/v7e-m+fp/hard\libm.a
END GROUP
START GROUP
LOAD C:/ST/STM32CubeIDE_1.14.0/STM32CubeIDE/plugins/com.st.stm32cube.ide.mcu.externaltools.gnu-tools-for-stm32.11.3.rel1.win32_1.1.100.202309141235/tools/bin/../lib/gcc/arm-none-eabi/11.3.1/thumb/v7e-m+fp/hard\libgcc.a
LOAD C:/ST/STM32CubeIDE_1.14.0/STM32CubeIDE/plugins/com.st.stm32cube.ide.mcu.externaltools.gnu-tools-for-stm32.11.3.rel1.win32_1.1.100.202309141235/tools/bin/../lib/gcc/arm-none-eabi/11.3.1/../../../../arm-none-eabi/lib/thumb/v7e-m+fp/hard\libc_nano.a
END GROUP
START GROUP
LOAD C:/ST/STM32CubeIDE_1.14.0/STM32CubeIDE/plugins/com.st.stm32cube.ide.mcu.externaltools.gnu-tools-for-stm32.11.3.rel1.win32_1.1.100.202309141235/tools/bin/../lib/gcc/arm-none-eabi/11.3.1/thumb/v7e-m+fp/hard\libgcc.a
LOAD C:/ST/STM32CubeIDE_1.14.0/STM32CubeIDE/plugins/com.st.stm32cube.ide.mcu.externaltools.gnu-tools-for-stm32.11.3.rel1.win32_1.1.100.202309141235/tools/bin/../lib/gcc/arm-none-eabi/11.3.1/../../../../arm-none-eabi/lib/thumb/v7e-m+fp/hard\libc_nano.a
LOAD C:/ST/STM32CubeIDE_1.14.0/STM32CubeIDE/plugins/com.st.stm32cube.ide.mcu.externaltools.gnu-tools-for-stm32.11.3.rel1.win32_1.1.100.202309141235/tools/bin/../lib/gcc/arm-none-eabi/11.3.1/../../../../arm-none-eabi/lib/thumb/v7e-m+fp/hard\libnosys.a
END GROUP
START GROUP
LOAD C:/ST/STM32CubeIDE_1.14.0/STM32CubeIDE/plugins/com.st.stm32cube.ide.mcu.externaltools.gnu-tools-for-stm32.11.3.rel1.win32_1.1.100.202309141235/tools/bin/../lib/gcc/arm-none-eabi/11.3.1/thumb/v7e-m+fp/hard\libgcc.a
LOAD C:/ST/STM32CubeIDE_1.14.0/STM32CubeIDE/plugins/com.st.stm32cube.ide.mcu.externaltools.gnu-tools-for-stm32.11.3.rel1.win32_1.1.100.202309141235/tools/bin/../lib/gcc/arm-none-eabi/11.3.1/../../../../arm-none-eabi/lib/thumb/v7e-m+fp/hard\libc_nano.a
LOAD C:/ST/STM32CubeIDE_1.14.0/STM32CubeIDE/plugins/com.st.stm32cube.ide.mcu.externaltools.gnu-tools-for-stm32.11.3.rel1.win32_1.1.100.202309141235/tools/bin/../lib/gcc/arm-none-eabi/11.3.1/../../../../arm-none-eabi/lib/thumb/v7e-m+fp/hard\libnosys.a
END GROUP
LOAD C:/ST/STM32CubeIDE_1.14.0/STM32CubeIDE/plugins/com.st.stm32cube.ide.mcu.externaltools.gnu-tools-for-stm32.11.3.rel1.win32_1.1.100.202309141235/tools/bin/../lib/gcc/arm-none-eabi/11.3.1/thumb/v7e-m+fp/hard/crtend.o
LOAD C:/ST/STM32CubeIDE_1.14.0/STM32CubeIDE/plugins/com.st.stm32cube.ide.mcu.externaltools.gnu-tools-for-stm32.11.3.rel1.win32_1.1.100.202309141235/tools/bin/../lib/gcc/arm-none-eabi/11.3.1/thumb/v7e-m+fp/hard/crtn.o
                0x0000000020020000                _estack = (ORIGIN (RAM) + LENGTH (RAM))
                0x0000000000000200                _Min_Heap_Size = 0x200
                0x0000000000000400                _Min_Stack_Size = 0x400

.isr_vector     0x0000000008000000      0x198
                0x0000000008000000                . = ALIGN (0x4)
 *(.isr_vector)
 .isr_vector    0x0000000008000000      0x198 ./Core/Startup/startup_stm32f411retx.o
                0x0000000008000000                g_pfnVectors
                0x0000000008000198                . = ALIGN (0x4)

.text           0x0000000008000198      0xfbc
                0x0000000008000198                . = ALIGN (0x4)
 *(.text)
 .text          0x0000000008000198       0x40 C:/ST/STM32CubeIDE_1.14.0/STM32CubeIDE/plugins/com.st.stm32cube.ide.mcu.externaltools.gnu-tools-for-stm32.11.3.rel1.win32_1.1.100.202309141235/tools/bin/../lib/gcc/arm-none-eabi/11.3.1/thumb/v7e-m+fp/hard/crtbegin.o
 .text          0x00000000080001d8       0x14 C:/ST/STM32CubeIDE_1.14.0/STM32CubeIDE/plugins/com.st.stm32cube.ide.mcu.externaltools.gnu-tools-for-stm32.11.3.rel1.win32_1.1.100.202309141235/tools/bin/../lib/gcc/arm-none-eabi/11.3.1/../../../../arm-none-eabi/lib/thumb/v7e-m+fp/hard\libc_nano.a(libc_a-strcmp.o)
                0x00000000080001d8                strcmp
 .text          0x00000000080001ec       0x10 C:/ST/STM32CubeIDE_1.14.0/STM32CubeIDE/plugins/com.st.stm32cube.ide.mcu.externaltools.gnu-tools-for-stm32.11.3.rel1.win32_1.1.100.202309141235/tools/bin/../lib/gcc/arm-none-eabi/11.3.1/../../../../arm-none-eabi/lib/thumb/v7e-m+fp/hard\libc_nano.a(libc_a-strlen.o)
                0x00000000080001ec                strlen
 *(.text*)
 .text.I2C_Clock_Init
                0x00000000080001fc       0x2c ./Core/Src/Configs/I2C_CFG.o
                0x00000000080001fc                I2C_Clock_Init
 .text.I2C_Pin_Config
                0x0000000008000228       0x68 ./Core/Src/Configs/I2C_CFG.o
                0x0000000008000228                I2C_Pin_Config
 .text.I2C_Peripheral_Config
                0x0000000008000290       0x6c ./Core/Src/Configs/I2C_CFG.o
                0x0000000008000290                I2C_Peripheral_Config
 .text.SPI_Clock_Init
                0x00000000080002fc       0x38 ./Core/Src/Configs/SPI_CFG.o
                0x00000000080002fc                SPI_Clock_Init
 .text.SPI_Motor_Config
                0x0000000008000334       0x50 ./Core/Src/Configs/SPI_CFG.o
                0x0000000008000334                SPI_Motor_Config
 .text.SPI_Pin_Config
                0x0000000008000384       0xb0 ./Core/Src/Configs/SPI_CFG.o
                0x0000000008000384                SPI_Pin_Config
 .text.Servo_Motor_Setter
                0x0000000008000434       0x6c ./Core/Src/Configs/TIM-Config.o
                0x0000000008000434                Servo_Motor_Setter
 .text.Convert_Angle_To_CCR
                0x00000000080004a0       0x3c ./Core/Src/Configs/TIM-Config.o
                0x00000000080004a0                Convert_Angle_To_CCR
 .text.Execute_Servo_Motor
                0x00000000080004dc       0x40 ./Core/Src/Configs/TIM-Config.o
                0x00000000080004dc                Execute_Servo_Motor
 .text.TIM1_Settings
                0x000000000800051c       0x98 ./Core/Src/Configs/TIM-Config.o
                0x000000000800051c                TIM1_Settings
 .text.Pin_Configs
                0x00000000080005b4       0x6c ./Core/Src/Configs/TIM-Config.o
                0x00000000080005b4                Pin_Configs
 .text.initClocks
                0x0000000008000620       0x2c ./Core/Src/Configs/uart_CFG.o
                0x0000000008000620                initClocks
 .text.configUart1Pins
                0x000000000800064c       0x68 ./Core/Src/Configs/uart_CFG.o
                0x000000000800064c                configUart1Pins
 .text.configUart1
                0x00000000080006b4       0x50 ./Core/Src/Configs/uart_CFG.o
                0x00000000080006b4                configUart1
 .text.Delay_ms
                0x0000000008000704       0x34 ./Core/Src/Drivers/I2C.o
                0x0000000008000704                Delay_ms
 .text.Data_Divider_High
                0x0000000008000738       0x1e ./Core/Src/Drivers/I2C.o
                0x0000000008000738                Data_Divider_High
 .text.Data_Divider_Low
                0x0000000008000756       0x1e ./Core/Src/Drivers/I2C.o
                0x0000000008000756                Data_Divider_Low
 .text.Prepare_LCD_Packet
                0x0000000008000774       0x3c ./Core/Src/Drivers/I2C.o
                0x0000000008000774                Prepare_LCD_Packet
 .text.LCD_Send_High_2_Nibble
                0x00000000080007b0       0x3a ./Core/Src/Drivers/I2C.o
                0x00000000080007b0                LCD_Send_High_2_Nibble
 .text.LCD_Send_Low_2_Nibble
                0x00000000080007ea       0x40 ./Core/Src/Drivers/I2C.o
                0x00000000080007ea                LCD_Send_Low_2_Nibble
 .text.LCD_Send_Command
                0x000000000800082a       0x84 ./Core/Src/Drivers/I2C.o
                0x000000000800082a                LCD_Send_Command
 .text.LCD_Init
                0x00000000080008ae       0xac ./Core/Src/Drivers/I2C.o
                0x00000000080008ae                LCD_Init
 *fill*         0x000000000800095a        0x2 
 .text.I2C1_Start
                0x000000000800095c       0x30 ./Core/Src/Drivers/I2C.o
                0x000000000800095c                I2C1_Start
 .text.I2C1_WriteAddress
                0x000000000800098c       0x44 ./Core/Src/Drivers/I2C.o
                0x000000000800098c                I2C1_WriteAddress
 .text.I2C1_WriteData
                0x00000000080009d0       0x30 ./Core/Src/Drivers/I2C.o
                0x00000000080009d0                I2C1_WriteData
 .text.I2C1_Stop
                0x0000000008000a00       0x20 ./Core/Src/Drivers/I2C.o
                0x0000000008000a00                I2C1_Stop
 .text.General  0x0000000008000a20       0x48 ./Core/Src/Drivers/I2C.o
                0x0000000008000a20                General
 .text.I2C_Main_Function
                0x0000000008000a68       0x3c ./Core/Src/Drivers/I2C.o
                0x0000000008000a68                I2C_Main_Function
 .text.System_Init
                0x0000000008000aa4       0x14 ./Core/Src/Drivers/I2C.o
                0x0000000008000aa4                System_Init
 .text.Delay_us
                0x0000000008000ab8       0x44 ./Core/Src/Drivers/SPI.o
                0x0000000008000ab8                Delay_us
 .text.SPI_Send_Data
                0x0000000008000afc       0x40 ./Core/Src/Drivers/SPI.o
                0x0000000008000afc                SPI_Send_Data
 .text.SPI_Receive_Data
                0x0000000008000b3c       0x28 ./Core/Src/Drivers/SPI.o
                0x0000000008000b3c                SPI_Receive_Data
 .text.Uart_Receiver
                0x0000000008000b64       0x70 ./Core/Src/Drivers/uart.o
                0x0000000008000b64                Uart_Receiver
 .text.initUART
                0x0000000008000bd4       0x14 ./Core/Src/Drivers/uart.o
                0x0000000008000bd4                initUART
 .text.transmitUart
                0x0000000008000be8       0x30 ./Core/Src/Drivers/uart.o
                0x0000000008000be8                transmitUart
 .text.transmitStrUart
                0x0000000008000c18       0x32 ./Core/Src/Drivers/uart.o
                0x0000000008000c18                transmitStrUart
 *fill*         0x0000000008000c4a        0x2 
 .text.main     0x0000000008000c4c      0x16c ./Core/Src/main.o
                0x0000000008000c4c                main
 .text.nRF24_Write_Register
                0x0000000008000db8       0x44 ./Core/Src/nRF24.o
                0x0000000008000db8                nRF24_Write_Register
 .text.nRF24_Read_Status
                0x0000000008000dfc       0x2c ./Core/Src/nRF24.o
                0x0000000008000dfc                nRF24_Read_Status
 .text.nRF24_Clear_Flags
                0x0000000008000e28       0x10 ./Core/Src/nRF24.o
                0x0000000008000e28                nRF24_Clear_Flags
 .text.nRF24_Set_Mode_TX
                0x0000000008000e38       0x1c ./Core/Src/nRF24.o
                0x0000000008000e38                nRF24_Set_Mode_TX
 .text.nRF24_Set_Mode_RX
                0x0000000008000e54       0x1c ./Core/Src/nRF24.o
                0x0000000008000e54                nRF24_Set_Mode_RX
 .text.nRF24_Transmit
                0x0000000008000e70       0x68 ./Core/Src/nRF24.o
                0x0000000008000e70                nRF24_Transmit
 .text.nRF24_Set_TX_Address
                0x0000000008000ed8       0x4c ./Core/Src/nRF24.o
                0x0000000008000ed8                nRF24_Set_TX_Address
 .text.nRF24_Set_RX_Address
                0x0000000008000f24       0x4c ./Core/Src/nRF24.o
                0x0000000008000f24                nRF24_Set_RX_Address
 .text.nRF24_Init
                0x0000000008000f70       0x28 ./Core/Src/nRF24.o
                0x0000000008000f70                nRF24_Init
 .text.nRF24_Send_Packet
                0x0000000008000f98       0x56 ./Core/Src/nRF24.o
                0x0000000008000f98                nRF24_Send_Packet
 .text.NMI_Handler
                0x0000000008000fee        0x6 ./Core/Src/stm32f4xx_it.o
                0x0000000008000fee                NMI_Handler
 .text.HardFault_Handler
                0x0000000008000ff4        0x6 ./Core/Src/stm32f4xx_it.o
                0x0000000008000ff4                HardFault_Handler
 .text.MemManage_Handler
                0x0000000008000ffa        0x6 ./Core/Src/stm32f4xx_it.o
                0x0000000008000ffa                MemManage_Handler
 .text.BusFault_Handler
                0x0000000008001000        0x6 ./Core/Src/stm32f4xx_it.o
                0x0000000008001000                BusFault_Handler
 .text.UsageFault_Handler
                0x0000000008001006        0x6 ./Core/Src/stm32f4xx_it.o
                0x0000000008001006                UsageFault_Handler
 .text.SVC_Handler
                0x000000000800100c        0xe ./Core/Src/stm32f4xx_it.o
                0x000000000800100c                SVC_Handler
 .text.DebugMon_Handler
                0x000000000800101a        0xe ./Core/Src/stm32f4xx_it.o
                0x000000000800101a                DebugMon_Handler
 .text.PendSV_Handler
                0x0000000008001028        0xe ./Core/Src/stm32f4xx_it.o
                0x0000000008001028                PendSV_Handler
 .text.SysTick_Handler
                0x0000000008001036        0xc ./Core/Src/stm32f4xx_it.o
                0x0000000008001036                SysTick_Handler
 *fill*         0x0000000008001042        0x2 
 .text.SystemInit
                0x0000000008001044       0x24 ./Core/Src/system_stm32f4xx.o
                0x0000000008001044                SystemInit
 .text.Reset_Handler
                0x0000000008001068       0x50 ./Core/Startup/startup_stm32f411retx.o
                0x0000000008001068                Reset_Handler
 .text.Default_Handler
                0x00000000080010b8        0x2 ./Core/Startup/startup_stm32f411retx.o
                0x00000000080010b8                RTC_Alarm_IRQHandler
                0x00000000080010b8                EXTI2_IRQHandler
                0x00000000080010b8                SPI4_IRQHandler
                0x00000000080010b8                TIM1_CC_IRQHandler
                0x00000000080010b8                DMA2_Stream5_IRQHandler
                0x00000000080010b8                DMA1_Stream5_IRQHandler
                0x00000000080010b8                PVD_IRQHandler
                0x00000000080010b8                SDIO_IRQHandler
                0x00000000080010b8                TAMP_STAMP_IRQHandler
                0x00000000080010b8                EXTI3_IRQHandler
                0x00000000080010b8                TIM1_UP_TIM10_IRQHandler
                0x00000000080010b8                I2C3_ER_IRQHandler
                0x00000000080010b8                EXTI0_IRQHandler
                0x00000000080010b8                I2C2_EV_IRQHandler
                0x00000000080010b8                DMA1_Stream2_IRQHandler
                0x00000000080010b8                FPU_IRQHandler
                0x00000000080010b8                DMA2_Stream2_IRQHandler
                0x00000000080010b8                SPI1_IRQHandler
                0x00000000080010b8                TIM1_BRK_TIM9_IRQHandler
                0x00000000080010b8                DMA2_Stream3_IRQHandler
                0x00000000080010b8                USART6_IRQHandler
                0x00000000080010b8                DMA2_Stream0_IRQHandler
                0x00000000080010b8                TIM4_IRQHandler
                0x00000000080010b8                I2C1_EV_IRQHandler
                0x00000000080010b8                DMA1_Stream6_IRQHandler
                0x00000000080010b8                DMA1_Stream1_IRQHandler
                0x00000000080010b8                TIM3_IRQHandler
                0x00000000080010b8                RCC_IRQHandler
                0x00000000080010b8                Default_Handler
                0x00000000080010b8                EXTI15_10_IRQHandler
                0x00000000080010b8                ADC_IRQHandler
                0x00000000080010b8                DMA1_Stream7_IRQHandler
                0x00000000080010b8                SPI5_IRQHandler
                0x00000000080010b8                TIM5_IRQHandler
                0x00000000080010b8                DMA2_Stream7_IRQHandler
                0x00000000080010b8                I2C3_EV_IRQHandler
                0x00000000080010b8                EXTI9_5_IRQHandler
                0x00000000080010b8                RTC_WKUP_IRQHandler
                0x00000000080010b8                SPI2_IRQHandler
                0x00000000080010b8                DMA1_Stream0_IRQHandler
                0x00000000080010b8                EXTI4_IRQHandler
                0x00000000080010b8                WWDG_IRQHandler
                0x00000000080010b8                TIM2_IRQHandler
                0x00000000080010b8                OTG_FS_WKUP_IRQHandler
                0x00000000080010b8                TIM1_TRG_COM_TIM11_IRQHandler
                0x00000000080010b8                EXTI1_IRQHandler
                0x00000000080010b8                USART2_IRQHandler
                0x00000000080010b8                I2C2_ER_IRQHandler
                0x00000000080010b8                DMA2_Stream1_IRQHandler
                0x00000000080010b8                FLASH_IRQHandler
                0x00000000080010b8                DMA2_Stream4_IRQHandler
                0x00000000080010b8                USART1_IRQHandler
                0x00000000080010b8                OTG_FS_IRQHandler
                0x00000000080010b8                SPI3_IRQHandler
                0x00000000080010b8                DMA1_Stream4_IRQHandler
                0x00000000080010b8                I2C1_ER_IRQHandler
                0x00000000080010b8                DMA2_Stream6_IRQHandler
                0x00000000080010b8                DMA1_Stream3_IRQHandler
 *fill*         0x00000000080010ba        0x2 
 .text.HAL_IncTick
                0x00000000080010bc       0x28 ./Drivers/STM32F4xx_HAL_Driver/Src/stm32f4xx_hal.o
                0x00000000080010bc                HAL_IncTick
 .text.memset   0x00000000080010e4       0x10 C:/ST/STM32CubeIDE_1.14.0/STM32CubeIDE/plugins/com.st.stm32cube.ide.mcu.externaltools.gnu-tools-for-stm32.11.3.rel1.win32_1.1.100.202309141235/tools/bin/../lib/gcc/arm-none-eabi/11.3.1/../../../../arm-none-eabi/lib/thumb/v7e-m+fp/hard\libc_nano.a(libc_a-memset.o)
                0x00000000080010e4                memset
 .text.__libc_init_array
                0x00000000080010f4       0x48 C:/ST/STM32CubeIDE_1.14.0/STM32CubeIDE/plugins/com.st.stm32cube.ide.mcu.externaltools.gnu-tools-for-stm32.11.3.rel1.win32_1.1.100.202309141235/tools/bin/../lib/gcc/arm-none-eabi/11.3.1/../../../../arm-none-eabi/lib/thumb/v7e-m+fp/hard\libc_nano.a(libc_a-init.o)
                0x00000000080010f4                __libc_init_array
 *(.glue_7)
 .glue_7        0x000000000800113c        0x0 linker stubs
 *(.glue_7t)
 .glue_7t       0x000000000800113c        0x0 linker stubs
 *(.eh_frame)
 .eh_frame      0x000000000800113c        0x0 C:/ST/STM32CubeIDE_1.14.0/STM32CubeIDE/plugins/com.st.stm32cube.ide.mcu.externaltools.gnu-tools-for-stm32.11.3.rel1.win32_1.1.100.202309141235/tools/bin/../lib/gcc/arm-none-eabi/11.3.1/thumb/v7e-m+fp/hard/crtbegin.o
 *(.init)
 .init          0x000000000800113c        0x4 C:/ST/STM32CubeIDE_1.14.0/STM32CubeIDE/plugins/com.st.stm32cube.ide.mcu.externaltools.gnu-tools-for-stm32.11.3.rel1.win32_1.1.100.202309141235/tools/bin/../lib/gcc/arm-none-eabi/11.3.1/thumb/v7e-m+fp/hard/crti.o
                0x000000000800113c                _init
 .init          0x0000000008001140        0x8 C:/ST/STM32CubeIDE_1.14.0/STM32CubeIDE/plugins/com.st.stm32cube.ide.mcu.externaltools.gnu-tools-for-stm32.11.3.rel1.win32_1.1.100.202309141235/tools/bin/../lib/gcc/arm-none-eabi/11.3.1/thumb/v7e-m+fp/hard/crtn.o
 *(.fini)
 .fini          0x0000000008001148        0x4 C:/ST/STM32CubeIDE_1.14.0/STM32CubeIDE/plugins/com.st.stm32cube.ide.mcu.externaltools.gnu-tools-for-stm32.11.3.rel1.win32_1.1.100.202309141235/tools/bin/../lib/gcc/arm-none-eabi/11.3.1/thumb/v7e-m+fp/hard/crti.o
                0x0000000008001148                _fini
 .fini          0x000000000800114c        0x8 C:/ST/STM32CubeIDE_1.14.0/STM32CubeIDE/plugins/com.st.stm32cube.ide.mcu.externaltools.gnu-tools-for-stm32.11.3.rel1.win32_1.1.100.202309141235/tools/bin/../lib/gcc/arm-none-eabi/11.3.1/thumb/v7e-m+fp/hard/crtn.o
                0x0000000008001154                . = ALIGN (0x4)
                0x0000000008001154                _etext = .

.vfp11_veneer   0x0000000008001154        0x0
 .vfp11_veneer  0x0000000008001154        0x0 linker stubs

.v4_bx          0x0000000008001154        0x0
 .v4_bx         0x0000000008001154        0x0 linker stubs

.iplt           0x0000000008001154        0x0
 .iplt          0x0000000008001154        0x0 C:/ST/STM32CubeIDE_1.14.0/STM32CubeIDE/plugins/com.st.stm32cube.ide.mcu.externaltools.gnu-tools-for-stm32.11.3.rel1.win32_1.1.100.202309141235/tools/bin/../lib/gcc/arm-none-eabi/11.3.1/thumb/v7e-m+fp/hard/crtbegin.o

.rodata         0x0000000008001154       0xcc
                0x0000000008001154                . = ALIGN (0x4)
 *(.rodata)
 .rodata        0x0000000008001154       0x1e ./Core/Src/Configs/TIM-Config.o
 *fill*         0x0000000008001172        0x2 
 .rodata        0x0000000008001174       0xac ./Core/Src/main.o
 *(.rodata*)
                0x0000000008001220                . = ALIGN (0x4)

.rel.dyn        0x0000000008001220        0x0
 .rel.iplt      0x0000000008001220        0x0 C:/ST/STM32CubeIDE_1.14.0/STM32CubeIDE/plugins/com.st.stm32cube.ide.mcu.externaltools.gnu-tools-for-stm32.11.3.rel1.win32_1.1.100.202309141235/tools/bin/../lib/gcc/arm-none-eabi/11.3.1/thumb/v7e-m+fp/hard/crtbegin.o

.ARM.extab      0x0000000008001220        0x0
                0x0000000008001220                . = ALIGN (0x4)
 *(.ARM.extab* .gnu.linkonce.armextab.*)
                0x0000000008001220                . = ALIGN (0x4)

.ARM            0x0000000008001220        0x0
                0x0000000008001220                . = ALIGN (0x4)
                0x0000000008001220                __exidx_start = .
 *(.ARM.exidx*)
                0x0000000008001220                __exidx_end = .
                0x0000000008001220                . = ALIGN (0x4)

.preinit_array  0x0000000008001220        0x0
                0x0000000008001220                . = ALIGN (0x4)
                0x0000000008001220                PROVIDE (__preinit_array_start = .)
 *(.preinit_array*)
                0x0000000008001220                PROVIDE (__preinit_array_end = .)
                0x0000000008001220                . = ALIGN (0x4)

.init_array     0x0000000008001220        0x4
                0x0000000008001220                . = ALIGN (0x4)
                0x0000000008001220                PROVIDE (__init_array_start = .)
 *(SORT_BY_NAME(.init_array.*))
 *(.init_array*)
 .init_array    0x0000000008001220        0x4 C:/ST/STM32CubeIDE_1.14.0/STM32CubeIDE/plugins/com.st.stm32cube.ide.mcu.externaltools.gnu-tools-for-stm32.11.3.rel1.win32_1.1.100.202309141235/tools/bin/../lib/gcc/arm-none-eabi/11.3.1/thumb/v7e-m+fp/hard/crtbegin.o
                0x0000000008001224                PROVIDE (__init_array_end = .)
                0x0000000008001224                . = ALIGN (0x4)

.fini_array     0x0000000008001224        0x4
                0x0000000008001224                . = ALIGN (0x4)
                [!provide]                        PROVIDE (__fini_array_start = .)
 *(SORT_BY_NAME(.fini_array.*))
 *(.fini_array*)
 .fini_array    0x0000000008001224        0x4 C:/ST/STM32CubeIDE_1.14.0/STM32CubeIDE/plugins/com.st.stm32cube.ide.mcu.externaltools.gnu-tools-for-stm32.11.3.rel1.win32_1.1.100.202309141235/tools/bin/../lib/gcc/arm-none-eabi/11.3.1/thumb/v7e-m+fp/hard/crtbegin.o
                [!provide]                        PROVIDE (__fini_array_end = .)
                0x0000000008001228                . = ALIGN (0x4)
                0x0000000008001228                _sidata = LOADADDR (.data)

.data           0x0000000020000000        0x4 load address 0x0000000008001228
                0x0000000020000000                . = ALIGN (0x4)
                0x0000000020000000                _sdata = .
 *(.data)
 *(.data*)
 .data.uwTickFreq
                0x0000000020000000        0x1 ./Drivers/STM32F4xx_HAL_Driver/Src/stm32f4xx_hal.o
                0x0000000020000000                uwTickFreq
 *(.RamFunc)
 *(.RamFunc*)
                0x0000000020000004                . = ALIGN (0x4)
 *fill*         0x0000000020000001        0x3 
                0x0000000020000004                _edata = .

.igot.plt       0x0000000020000004        0x0 load address 0x000000000800122c
 .igot.plt      0x0000000020000004        0x0 C:/ST/STM32CubeIDE_1.14.0/STM32CubeIDE/plugins/com.st.stm32cube.ide.mcu.externaltools.gnu-tools-for-stm32.11.3.rel1.win32_1.1.100.202309141235/tools/bin/../lib/gcc/arm-none-eabi/11.3.1/thumb/v7e-m+fp/hard/crtbegin.o
                0x0000000020000004                . = ALIGN (0x4)

.bss            0x0000000020000004       0x20 load address 0x000000000800122c
                0x0000000020000004                _sbss = .
                0x0000000020000004                __bss_start__ = _sbss
 *(.bss)
 .bss           0x0000000020000004       0x1c C:/ST/STM32CubeIDE_1.14.0/STM32CubeIDE/plugins/com.st.stm32cube.ide.mcu.externaltools.gnu-tools-for-stm32.11.3.rel1.win32_1.1.100.202309141235/tools/bin/../lib/gcc/arm-none-eabi/11.3.1/thumb/v7e-m+fp/hard/crtbegin.o
 *(.bss*)
 .bss.uwTick    0x0000000020000020        0x4 ./Drivers/STM32F4xx_HAL_Driver/Src/stm32f4xx_hal.o
                0x0000000020000020                uwTick
 *(COMMON)
                0x0000000020000024                . = ALIGN (0x4)
                0x0000000020000024                _ebss = .
                0x0000000020000024                __bss_end__ = _ebss

._user_heap_stack
                0x0000000020000024      0x604 load address 0x000000000800122c
                0x0000000020000028                . = ALIGN (0x8)
 *fill*         0x0000000020000024        0x4 
                [!provide]                        PROVIDE (end = .)
                0x0000000020000028                PROVIDE (_end = .)
                0x0000000020000228                . = (. + _Min_Heap_Size)
 *fill*         0x0000000020000028      0x200 
                0x0000000020000628                . = (. + _Min_Stack_Size)
 *fill*         0x0000000020000228      0x400 
                0x0000000020000628                . = ALIGN (0x8)

/DISCARD/
 libc.a(*)
 libm.a(*)
 libgcc.a(*)

.ARM.attributes
                0x0000000000000000       0x30
 *(.ARM.attributes)
 .ARM.attributes
                0x0000000000000000       0x1e C:/ST/STM32CubeIDE_1.14.0/STM32CubeIDE/plugins/com.st.stm32cube.ide.mcu.externaltools.gnu-tools-for-stm32.11.3.rel1.win32_1.1.100.202309141235/tools/bin/../lib/gcc/arm-none-eabi/11.3.1/thumb/v7e-m+fp/hard/crti.o
 .ARM.attributes
                0x000000000000001e       0x34 C:/ST/STM32CubeIDE_1.14.0/STM32CubeIDE/plugins/com.st.stm32cube.ide.mcu.externaltools.gnu-tools-for-stm32.11.3.rel1.win32_1.1.100.202309141235/tools/bin/../lib/gcc/arm-none-eabi/11.3.1/thumb/v7e-m+fp/hard/crtbegin.o
 .ARM.attributes
                0x0000000000000052       0x34 ./Core/Src/Configs/I2C_CFG.o
 .ARM.attributes
                0x0000000000000086       0x34 ./Core/Src/Configs/SPI_CFG.o
 .ARM.attributes
                0x00000000000000ba       0x34 ./Core/Src/Configs/TIM-Config.o
 .ARM.attributes
                0x00000000000000ee       0x34 ./Core/Src/Configs/uart_CFG.o
 .ARM.attributes
                0x0000000000000122       0x34 ./Core/Src/Drivers/I2C.o
 .ARM.attributes
                0x0000000000000156       0x34 ./Core/Src/Drivers/SPI.o
 .ARM.attributes
                0x000000000000018a       0x34 ./Core/Src/Drivers/uart.o
 .ARM.attributes
                0x00000000000001be       0x34 ./Core/Src/main.o
 .ARM.attributes
                0x00000000000001f2       0x34 ./Core/Src/nRF24.o
 .ARM.attributes
                0x0000000000000226       0x34 ./Core/Src/stm32f4xx_it.o
 .ARM.attributes
                0x000000000000025a       0x34 ./Core/Src/system_stm32f4xx.o
 .ARM.attributes
                0x000000000000028e       0x21 ./Core/Startup/startup_stm32f411retx.o
 .ARM.attributes
                0x00000000000002af       0x34 ./Drivers/STM32F4xx_HAL_Driver/Src/stm32f4xx_hal.o
 .ARM.attributes
                0x00000000000002e3       0x34 C:/ST/STM32CubeIDE_1.14.0/STM32CubeIDE/plugins/com.st.stm32cube.ide.mcu.externaltools.gnu-tools-for-stm32.11.3.rel1.win32_1.1.100.202309141235/tools/bin/../lib/gcc/arm-none-eabi/11.3.1/../../../../arm-none-eabi/lib/thumb/v7e-m+fp/hard\libc_nano.a(libc_a-memset.o)
 .ARM.attributes
                0x0000000000000317       0x34 C:/ST/STM32CubeIDE_1.14.0/STM32CubeIDE/plugins/com.st.stm32cube.ide.mcu.externaltools.gnu-tools-for-stm32.11.3.rel1.win32_1.1.100.202309141235/tools/bin/../lib/gcc/arm-none-eabi/11.3.1/../../../../arm-none-eabi/lib/thumb/v7e-m+fp/hard\libc_nano.a(libc_a-init.o)
 .ARM.attributes
                0x000000000000034b       0x1c C:/ST/STM32CubeIDE_1.14.0/STM32CubeIDE/plugins/com.st.stm32cube.ide.mcu.externaltools.gnu-tools-for-stm32.11.3.rel1.win32_1.1.100.202309141235/tools/bin/../lib/gcc/arm-none-eabi/11.3.1/../../../../arm-none-eabi/lib/thumb/v7e-m+fp/hard\libc_nano.a(libc_a-strcmp.o)
 .ARM.attributes
                0x0000000000000367       0x17 C:/ST/STM32CubeIDE_1.14.0/STM32CubeIDE/plugins/com.st.stm32cube.ide.mcu.externaltools.gnu-tools-for-stm32.11.3.rel1.win32_1.1.100.202309141235/tools/bin/../lib/gcc/arm-none-eabi/11.3.1/../../../../arm-none-eabi/lib/thumb/v7e-m+fp/hard\libc_nano.a(libc_a-strlen.o)
 .ARM.attributes
                0x000000000000037e       0x1e C:/ST/STM32CubeIDE_1.14.0/STM32CubeIDE/plugins/com.st.stm32cube.ide.mcu.externaltools.gnu-tools-for-stm32.11.3.rel1.win32_1.1.100.202309141235/tools/bin/../lib/gcc/arm-none-eabi/11.3.1/thumb/v7e-m+fp/hard/crtn.o
OUTPUT(Bare-Metal_Home_Automation.elf elf32-littlearm)
LOAD linker stubs
LOAD C:/ST/STM32CubeIDE_1.14.0/STM32CubeIDE/plugins/com.st.stm32cube.ide.mcu.externaltools.gnu-tools-for-stm32.11.3.rel1.win32_1.1.100.202309141235/tools/bin/../lib/gcc/arm-none-eabi/11.3.1/../../../../arm-none-eabi/lib/thumb/v7e-m+fp/hard\libc.a
LOAD C:/ST/STM32CubeIDE_1.14.0/STM32CubeIDE/plugins/com.st.stm32cube.ide.mcu.externaltools.gnu-tools-for-stm32.11.3.rel1.win32_1.1.100.202309141235/tools/bin/../lib/gcc/arm-none-eabi/11.3.1/../../../../arm-none-eabi/lib/thumb/v7e-m+fp/hard\libm.a
LOAD C:/ST/STM32CubeIDE_1.14.0/STM32CubeIDE/plugins/com.st.stm32cube.ide.mcu.externaltools.gnu-tools-for-stm32.11.3.rel1.win32_1.1.100.202309141235/tools/bin/../lib/gcc/arm-none-eabi/11.3.1/thumb/v7e-m+fp/hard\libgcc.a

.comment        0x0000000000000000       0x43
 .comment       0x0000000000000000       0x43 C:/ST/STM32CubeIDE_1.14.0/STM32CubeIDE/plugins/com.st.stm32cube.ide.mcu.externaltools.gnu-tools-for-stm32.11.3.rel1.win32_1.1.100.202309141235/tools/bin/../lib/gcc/arm-none-eabi/11.3.1/thumb/v7e-m+fp/hard/crtbegin.o
                                         0x44 (size before relaxing)
 .comment       0x0000000000000043       0x44 ./Core/Src/Configs/I2C_CFG.o
 .comment       0x0000000000000043       0x44 ./Core/Src/Configs/SPI_CFG.o
 .comment       0x0000000000000043       0x44 ./Core/Src/Configs/TIM-Config.o
 .comment       0x0000000000000043       0x44 ./Core/Src/Configs/uart_CFG.o
 .comment       0x0000000000000043       0x44 ./Core/Src/Drivers/I2C.o
 .comment       0x0000000000000043       0x44 ./Core/Src/Drivers/SPI.o
 .comment       0x0000000000000043       0x44 ./Core/Src/Drivers/uart.o
 .comment       0x0000000000000043       0x44 ./Core/Src/main.o
 .comment       0x0000000000000043       0x44 ./Core/Src/nRF24.o
 .comment       0x0000000000000043       0x44 ./Core/Src/stm32f4xx_it.o
 .comment       0x0000000000000043       0x44 ./Core/Src/system_stm32f4xx.o
 .comment       0x0000000000000043       0x44 ./Drivers/STM32F4xx_HAL_Driver/Src/stm32f4xx_hal.o

.debug_info     0x0000000000000000     0x2d69
 .debug_info    0x0000000000000000      0x398 ./Core/Src/Configs/I2C_CFG.o
 .debug_info    0x0000000000000398      0x38b ./Core/Src/Configs/SPI_CFG.o
 .debug_info    0x0000000000000723      0x5a5 ./Core/Src/Configs/TIM-Config.o
 .debug_info    0x0000000000000cc8      0x373 ./Core/Src/Configs/uart_CFG.o
 .debug_info    0x000000000000103b      0x3ff ./Core/Src/Drivers/I2C.o
 .debug_info    0x000000000000143a      0x1ef ./Core/Src/Drivers/SPI.o
 .debug_info    0x0000000000001629      0x1ff ./Core/Src/Drivers/uart.o
 .debug_info    0x0000000000001828      0x2d2 ./Core/Src/main.o
 .debug_info    0x0000000000001afa      0x338 ./Core/Src/nRF24.o
 .debug_info    0x0000000000001e32      0x112 ./Core/Src/stm32f4xx_it.o
 .debug_info    0x0000000000001f44      0x53e ./Core/Src/system_stm32f4xx.o
 .debug_info    0x0000000000002482       0x23 ./Core/Startup/startup_stm32f411retx.o
 .debug_info    0x00000000000024a5      0x8c4 ./Drivers/STM32F4xx_HAL_Driver/Src/stm32f4xx_hal.o

.debug_abbrev   0x0000000000000000      0xe4d
 .debug_abbrev  0x0000000000000000       0xb7 ./Core/Src/Configs/I2C_CFG.o
 .debug_abbrev  0x00000000000000b7       0xb7 ./Core/Src/Configs/SPI_CFG.o
 .debug_abbrev  0x000000000000016e      0x19e ./Core/Src/Configs/TIM-Config.o
 .debug_abbrev  0x000000000000030c       0xb7 ./Core/Src/Configs/uart_CFG.o
 .debug_abbrev  0x00000000000003c3      0x19d ./Core/Src/Drivers/I2C.o
 .debug_abbrev  0x0000000000000560       0xfc ./Core/Src/Drivers/SPI.o
 .debug_abbrev  0x000000000000065c      0x16b ./Core/Src/Drivers/uart.o
 .debug_abbrev  0x00000000000007c7      0x106 ./Core/Src/main.o
 .debug_abbrev  0x00000000000008cd      0x196 ./Core/Src/nRF24.o
 .debug_abbrev  0x0000000000000a63       0x73 ./Core/Src/stm32f4xx_it.o
 .debug_abbrev  0x0000000000000ad6      0x11a ./Core/Src/system_stm32f4xx.o
 .debug_abbrev  0x0000000000000bf0       0x12 ./Core/Startup/startup_stm32f411retx.o
 .debug_abbrev  0x0000000000000c02      0x24b ./Drivers/STM32F4xx_HAL_Driver/Src/stm32f4xx_hal.o

.debug_aranges  0x0000000000000000      0x3f8
 .debug_aranges
                0x0000000000000000       0x30 ./Core/Src/Configs/I2C_CFG.o
 .debug_aranges
                0x0000000000000030       0x30 ./Core/Src/Configs/SPI_CFG.o
 .debug_aranges
                0x0000000000000060       0x40 ./Core/Src/Configs/TIM-Config.o
 .debug_aranges
                0x00000000000000a0       0x30 ./Core/Src/Configs/uart_CFG.o
 .debug_aranges
                0x00000000000000d0       0x90 ./Core/Src/Drivers/I2C.o
 .debug_aranges
                0x0000000000000160       0x30 ./Core/Src/Drivers/SPI.o
 .debug_aranges
                0x0000000000000190       0x38 ./Core/Src/Drivers/uart.o
 .debug_aranges
                0x00000000000001c8       0x20 ./Core/Src/main.o
 .debug_aranges
                0x00000000000001e8       0x70 ./Core/Src/nRF24.o
 .debug_aranges
                0x0000000000000258       0x60 ./Core/Src/stm32f4xx_it.o
 .debug_aranges
                0x00000000000002b8       0x28 ./Core/Src/system_stm32f4xx.o
 .debug_aranges
                0x00000000000002e0       0x28 ./Core/Startup/startup_stm32f411retx.o
 .debug_aranges
                0x0000000000000308       0xf0 ./Drivers/STM32F4xx_HAL_Driver/Src/stm32f4xx_hal.o

.debug_rnglists
                0x0000000000000000      0x2bf
 .debug_rnglists
                0x0000000000000000       0x1f ./Core/Src/Configs/I2C_CFG.o
 .debug_rnglists
                0x000000000000001f       0x20 ./Core/Src/Configs/SPI_CFG.o
 .debug_rnglists
                0x000000000000003f       0x2c ./Core/Src/Configs/TIM-Config.o
 .debug_rnglists
                0x000000000000006b       0x1f ./Core/Src/Configs/uart_CFG.o
 .debug_rnglists
                0x000000000000008a       0x69 ./Core/Src/Drivers/I2C.o
 .debug_rnglists
                0x00000000000000f3       0x1f ./Core/Src/Drivers/SPI.o
 .debug_rnglists
                0x0000000000000112       0x25 ./Core/Src/Drivers/uart.o
 .debug_rnglists
                0x0000000000000137       0x14 ./Core/Src/main.o
 .debug_rnglists
                0x000000000000014b       0x4f ./Core/Src/nRF24.o
 .debug_rnglists
                0x000000000000019a       0x43 ./Core/Src/stm32f4xx_it.o
 .debug_rnglists
                0x00000000000001dd       0x1a ./Core/Src/system_stm32f4xx.o
 .debug_rnglists
                0x00000000000001f7       0x19 ./Core/Startup/startup_stm32f411retx.o
 .debug_rnglists
                0x0000000000000210       0xaf ./Drivers/STM32F4xx_HAL_Driver/Src/stm32f4xx_hal.o

.debug_macro    0x0000000000000000     0x192b
 .debug_macro   0x0000000000000000      0x1ba ./Core/Src/Configs/I2C_CFG.o
 .debug_macro   0x00000000000001ba      0x1bf ./Core/Src/Configs/SPI_CFG.o
 .debug_macro   0x0000000000000379       0x1c ./Core/Src/Configs/SPI_CFG.o
 .debug_macro   0x0000000000000395      0x2a5 ./Core/Src/Configs/TIM-Config.o
 .debug_macro   0x000000000000063a      0x1ba ./Core/Src/Configs/uart_CFG.o
 .debug_macro   0x00000000000007f4      0x1cd ./Core/Src/Drivers/I2C.o
 .debug_macro   0x00000000000009c1      0x1c9 ./Core/Src/Drivers/SPI.o
 .debug_macro   0x0000000000000b8a      0x292 ./Core/Src/Drivers/uart.o
 .debug_macro   0x0000000000000e1c      0x2d5 ./Core/Src/main.o
 .debug_macro   0x00000000000010f1       0x22 ./Core/Src/main.o
 .debug_macro   0x0000000000001113       0x64 ./Core/Src/main.o
 .debug_macro   0x0000000000001177      0x1d2 ./Core/Src/nRF24.o
 .debug_macro   0x0000000000001349       0x5e ./Core/Src/nRF24.o
 .debug_macro   0x00000000000013a7      0x1c4 ./Core/Src/stm32f4xx_it.o
 .debug_macro   0x000000000000156b      0x1b0 ./Core/Src/system_stm32f4xx.o
 .debug_macro   0x000000000000171b      0x210 ./Drivers/STM32F4xx_HAL_Driver/Src/stm32f4xx_hal.o

.debug_line     0x0000000000000000     0x661c
 .debug_line    0x0000000000000000      0x748 ./Core/Src/Configs/I2C_CFG.o
 .debug_line    0x0000000000000748      0x751 ./Core/Src/Configs/SPI_CFG.o
 .debug_line    0x0000000000000e99      0x99c ./Core/Src/Configs/TIM-Config.o
 .debug_line    0x0000000000001835      0x758 ./Core/Src/Configs/uart_CFG.o
 .debug_line    0x0000000000001f8d      0x99a ./Core/Src/Drivers/I2C.o
 .debug_line    0x0000000000002927      0x7d7 ./Core/Src/Drivers/SPI.o
 .debug_line    0x00000000000030fe      0x94c ./Core/Src/Drivers/uart.o
 .debug_line    0x0000000000003a4a      0x948 ./Core/Src/main.o
 .debug_line    0x0000000000004392      0x8e3 ./Core/Src/nRF24.o
 .debug_line    0x0000000000004c75      0x7c8 ./Core/Src/stm32f4xx_it.o
 .debug_line    0x000000000000543d      0x778 ./Core/Src/system_stm32f4xx.o
 .debug_line    0x0000000000005bb5       0x7a ./Core/Startup/startup_stm32f411retx.o
 .debug_line    0x0000000000005c2f      0x9ed ./Drivers/STM32F4xx_HAL_Driver/Src/stm32f4xx_hal.o

.debug_str      0x0000000000000000    0x82407
 .debug_str     0x0000000000000000    0x7df74 ./Core/Src/Configs/I2C_CFG.o
                                      0x7e1ea (size before relaxing)
 .debug_str     0x000000000007df74      0x111 ./Core/Src/Configs/SPI_CFG.o
                                      0x7e280 (size before relaxing)
 .debug_str     0x000000000007e085     0x329d ./Core/Src/Configs/TIM-Config.o
                                      0x8147e (size before relaxing)
 .debug_str     0x0000000000081322       0x6a ./Core/Src/Configs/uart_CFG.o
                                      0x7e1d1 (size before relaxing)
 .debug_str     0x000000000008138c      0x13c ./Core/Src/Drivers/I2C.o
                                      0x7e260 (size before relaxing)
 .debug_str     0x00000000000814c8       0x66 ./Core/Src/Drivers/SPI.o
                                      0x7e175 (size before relaxing)
 .debug_str     0x000000000008152e       0x71 ./Core/Src/Drivers/uart.o
                                      0x81255 (size before relaxing)
 .debug_str     0x000000000008159f      0x1e7 ./Core/Src/main.o
                                      0x815be (size before relaxing)
 .debug_str     0x0000000000081786       0xa8 ./Core/Src/nRF24.o
                                      0x7e3ac (size before relaxing)
 .debug_str     0x000000000008182e       0xd3 ./Core/Src/stm32f4xx_it.o
                                      0x7e0e6 (size before relaxing)
 .debug_str     0x0000000000081901       0xdb ./Core/Src/system_stm32f4xx.o
                                      0x7e222 (size before relaxing)
 .debug_str     0x00000000000819dc       0x34 ./Core/Startup/startup_stm32f411retx.o
                                         0x85 (size before relaxing)
 .debug_str     0x0000000000081a10      0x9f7 ./Drivers/STM32F4xx_HAL_Driver/Src/stm32f4xx_hal.o
                                      0x7ec4e (size before relaxing)

.debug_frame    0x0000000000000000      0xc44
 .debug_frame   0x0000000000000000       0x70 ./Core/Src/Configs/I2C_CFG.o
 .debug_frame   0x0000000000000070       0x70 ./Core/Src/Configs/SPI_CFG.o
 .debug_frame   0x00000000000000e0       0xc4 ./Core/Src/Configs/TIM-Config.o
 .debug_frame   0x00000000000001a4       0x70 ./Core/Src/Configs/uart_CFG.o
 .debug_frame   0x0000000000000214      0x22c ./Core/Src/Drivers/I2C.o
 .debug_frame   0x0000000000000440       0x7c ./Core/Src/Drivers/SPI.o
 .debug_frame   0x00000000000004bc       0xa0 ./Core/Src/Drivers/uart.o
 .debug_frame   0x000000000000055c       0x30 ./Core/Src/main.o
 .debug_frame   0x000000000000058c      0x17c ./Core/Src/nRF24.o
 .debug_frame   0x0000000000000708      0x104 ./Core/Src/stm32f4xx_it.o
 .debug_frame   0x000000000000080c       0x58 ./Core/Src/system_stm32f4xx.o
 .debug_frame   0x0000000000000864      0x374 ./Drivers/STM32F4xx_HAL_Driver/Src/stm32f4xx_hal.o
 .debug_frame   0x0000000000000bd8       0x20 C:/ST/STM32CubeIDE_1.14.0/STM32CubeIDE/plugins/com.st.stm32cube.ide.mcu.externaltools.gnu-tools-for-stm32.11.3.rel1.win32_1.1.100.202309141235/tools/bin/../lib/gcc/arm-none-eabi/11.3.1/../../../../arm-none-eabi/lib/thumb/v7e-m+fp/hard\libc_nano.a(libc_a-memset.o)
 .debug_frame   0x0000000000000bf8       0x2c C:/ST/STM32CubeIDE_1.14.0/STM32CubeIDE/plugins/com.st.stm32cube.ide.mcu.externaltools.gnu-tools-for-stm32.11.3.rel1.win32_1.1.100.202309141235/tools/bin/../lib/gcc/arm-none-eabi/11.3.1/../../../../arm-none-eabi/lib/thumb/v7e-m+fp/hard\libc_nano.a(libc_a-init.o)
 .debug_frame   0x0000000000000c24       0x20 C:/ST/STM32CubeIDE_1.14.0/STM32CubeIDE/plugins/com.st.stm32cube.ide.mcu.externaltools.gnu-tools-for-stm32.11.3.rel1.win32_1.1.100.202309141235/tools/bin/../lib/gcc/arm-none-eabi/11.3.1/../../../../arm-none-eabi/lib/thumb/v7e-m+fp/hard\libc_nano.a(libc_a-strcmp.o)

.debug_line_str
                0x0000000000000000       0x79
 .debug_line_str
                0x0000000000000000       0x79 ./Core/Startup/startup_stm32f411retx.o
                                         0x91 (size before relaxing)
